[    0.000000] Linux version 4.15.0-135-generic (buildd@lgw01-amd64-005) (gcc version 7.5.0 (Ubuntu 7.5.0-3ubuntu1~18.04)) #139-Ubuntu SMP Mon Jan 18 17:38:24 UTC 2021 (Ubuntu 4.15.0-135.139-generic 4.15.18)
[    0.000000] Command line: BOOT_IMAGE=/boot/vmlinuz-4.15.0-135-generic root=LABEL=cloudimg-rootfs ro console=tty1 console=ttyS0
[    0.000000] KERNEL supported cpus:
[    0.000000]   Intel GenuineIntel
[    0.000000]   AMD AuthenticAMD
[    0.000000]   Centaur CentaurHauls
[    0.000000] x86/fpu: x87 FPU will use FXSAVE
[    0.000000] e820: BIOS-provided physical RAM map:
[    0.000000] BIOS-e820: [mem 0x0000000000000000-0x000000000009fbff] usable
[    0.000000] BIOS-e820: [mem 0x000000000009fc00-0x000000000009ffff] reserved
[    0.000000] BIOS-e820: [mem 0x00000000000f0000-0x00000000000fffff] reserved
[    0.000000] BIOS-e820: [mem 0x0000000000100000-0x000000007ffeffff] usable
[    0.000000] BIOS-e820: [mem 0x000000007fff0000-0x000000007fffffff] ACPI data
[    0.000000] BIOS-e820: [mem 0x00000000fec00000-0x00000000fec00fff] reserved
[    0.000000] BIOS-e820: [mem 0x00000000fee00000-0x00000000fee00fff] reserved
[    0.000000] BIOS-e820: [mem 0x00000000fffc0000-0x00000000ffffffff] reserved
[    0.000000] NX (Execute Disable) protection: active
[    0.000000] SMBIOS 2.5 present.
[    0.000000] DMI: innotek GmbH VirtualBox/VirtualBox, BIOS VirtualBox 12/01/2006
[    0.000000] Hypervisor detected: KVM
[    0.000000] e820: last_pfn = 0x7fff0 max_arch_pfn = 0x400000000
[    0.000000] MTRR: Disabled
[    0.000000] x86/PAT: MTRRs disabled, skipping PAT initialization too.
[    0.000000] CPU MTRRs all blank - virtualized system.
[    0.000000] x86/PAT: Configuration [0-7]: WB  WT  UC- UC  WB  WT  UC- UC  
[    0.000000] found SMP MP-table at [mem 0x0009fff0-0x0009ffff]
[    0.000000] Scanning 1 areas for low memory corruption
[    0.000000] RAMDISK: [mem 0x35a63000-0x36d28fff]
[    0.000000] ACPI: Early table checksum verification disabled
[    0.000000] ACPI: RSDP 0x00000000000E0000 000024 (v02 VBOX  )
[    0.000000] ACPI: XSDT 0x000000007FFF0030 00003C (v01 VBOX   VBOXXSDT 00000001 ASL  00000061)
[    0.000000] ACPI: FACP 0x000000007FFF00F0 0000F4 (v04 VBOX   VBOXFACP 00000001 ASL  00000061)
[    0.000000] ACPI: DSDT 0x000000007FFF0470 002325 (v02 VBOX   VBOXBIOS 00000002 INTL 20100528)
[    0.000000] ACPI: FACS 0x000000007FFF0200 000040
[    0.000000] ACPI: FACS 0x000000007FFF0200 000040
[    0.000000] ACPI: APIC 0x000000007FFF0240 00005C (v02 VBOX   VBOXAPIC 00000001 ASL  00000061)
[    0.000000] ACPI: SSDT 0x000000007FFF02A0 0001CC (v01 VBOX   VBOXCPUT 00000002 INTL 20100528)
[    0.000000] No NUMA configuration found
[    0.000000] Faking a node at [mem 0x0000000000000000-0x000000007ffeffff]
[    0.000000] NODE_DATA(0) allocated [mem 0x7ffc5000-0x7ffeffff]
[    0.000000] kvm-clock: cpu 0, msr 0:7ff44001, primary cpu clock
[    0.000000] kvm-clock: Using msrs 4b564d01 and 4b564d00
[    0.000000] kvm-clock: using sched offset of 5829917678 cycles
[    0.000000] clocksource: kvm-clock: mask: 0xffffffffffffffff max_cycles: 0x1cd42e4dffb, max_idle_ns: 881590591483 ns
[    0.000000] Zone ranges:
[    0.000000]   DMA      [mem 0x0000000000001000-0x0000000000ffffff]
[    0.000000]   DMA32    [mem 0x0000000001000000-0x000000007ffeffff]
[    0.000000]   Normal   empty
[    0.000000]   Device   empty
[    0.000000] Movable zone start for each node
[    0.000000] Early memory node ranges
[    0.000000]   node   0: [mem 0x0000000000001000-0x000000000009efff]
[    0.000000]   node   0: [mem 0x0000000000100000-0x000000007ffeffff]
[    0.000000] Reserved but unavailable: 98 pages
[    0.000000] Initmem setup node 0 [mem 0x0000000000001000-0x000000007ffeffff]
[    0.000000] ACPI: PM-Timer IO Port: 0x4008
[    0.000000] IOAPIC[0]: apic_id 2, version 32, address 0xfec00000, GSI 0-23
[    0.000000] ACPI: INT_SRC_OVR (bus 0 bus_irq 0 global_irq 2 dfl dfl)
[    0.000000] ACPI: INT_SRC_OVR (bus 0 bus_irq 9 global_irq 9 low level)
[    0.000000] Using ACPI (MADT) for SMP configuration information
[    0.000000] smpboot: Allowing 2 CPUs, 0 hotplug CPUs
[    0.000000] PM: Registered nosave memory: [mem 0x00000000-0x00000fff]
[    0.000000] PM: Registered nosave memory: [mem 0x0009f000-0x0009ffff]
[    0.000000] PM: Registered nosave memory: [mem 0x000a0000-0x000effff]
[    0.000000] PM: Registered nosave memory: [mem 0x000f0000-0x000fffff]
[    0.000000] e820: [mem 0x80000000-0xfebfffff] available for PCI devices
[    0.000000] Booting paravirtualized kernel on KVM
[    0.000000] clocksource: refined-jiffies: mask: 0xffffffff max_cycles: 0xffffffff, max_idle_ns: 7645519600211568 ns
[    0.000000] random: get_random_bytes called from start_kernel+0x99/0x500 with crng_init=0
[    0.000000] setup_percpu: NR_CPUS:8192 nr_cpumask_bits:2 nr_cpu_ids:2 nr_node_ids:1
[    0.000000] percpu: Embedded 45 pages/cpu s147456 r8192 d28672 u1048576
[    0.000000] PV qspinlock hash table entries: 256 (order: 0, 4096 bytes)
[    0.000000] Built 1 zonelists, mobility grouping on.  Total pages: 515961
[    0.000000] Policy zone: DMA32
[    0.000000] Kernel command line: BOOT_IMAGE=/boot/vmlinuz-4.15.0-135-generic root=LABEL=cloudimg-rootfs ro console=tty1 console=ttyS0
[    0.000000] Memory: 2015212K/2096696K available (12300K kernel code, 2482K rwdata, 4276K rodata, 2440K init, 2724K bss, 81484K reserved, 0K cma-reserved)
[    0.000000] SLUB: HWalign=64, Order=0-3, MinObjects=0, CPUs=2, Nodes=1
[    0.000000] Kernel/User page tables isolation: enabled
[    0.000000] ftrace: allocating 39422 entries in 154 pages
[    0.004000] Hierarchical RCU implementation.
[    0.004000] 	RCU restricting CPUs from NR_CPUS=8192 to nr_cpu_ids=2.
[    0.004000] 	Tasks RCU enabled.
[    0.004000] RCU: Adjusting geometry for rcu_fanout_leaf=16, nr_cpu_ids=2
[    0.004000] NR_IRQS: 524544, nr_irqs: 440, preallocated irqs: 16
[    0.004000] Console: colour VGA+ 80x25
[    0.004000] console [tty1] enabled
[    0.004000] console [ttyS0] enabled
[    0.004000] ACPI: Core revision 20170831
[    0.004000] ACPI: 2 ACPI AML tables successfully acquired and loaded
[    0.004000] APIC: Switch to symmetric I/O mode setup
[    0.004000] ..TIMER: vector=0x30 apic1=0 pin1=2 apic2=-1 pin2=-1
[    0.004000] tsc: Detected 2394.560 MHz processor
[    0.004000] Calibrating delay loop (skipped) preset value.. 4789.12 BogoMIPS (lpj=9578240)
[    0.004000] pid_max: default: 32768 minimum: 301
[    0.004108] Security Framework initialized
[    0.008020] Yama: becoming mindful.
[    0.012153] AppArmor: AppArmor initialized
[    0.037758] Dentry cache hash table entries: 262144 (order: 9, 2097152 bytes)
[    0.052220] Inode-cache hash table entries: 131072 (order: 8, 1048576 bytes)
[    0.056222] Mount-cache hash table entries: 4096 (order: 3, 32768 bytes)
[    0.060222] Mountpoint-cache hash table entries: 4096 (order: 3, 32768 bytes)
[    0.065499] Last level iTLB entries: 4KB 512, 2MB 8, 4MB 8
[    0.068010] Last level dTLB entries: 4KB 512, 2MB 32, 4MB 32, 1GB 0
[    0.072006] Spectre V1 : Mitigation: usercopy/swapgs barriers and __user pointer sanitization
[    0.076010] Spectre V2 : Mitigation: Full generic retpoline
[    0.080003] Spectre V2 : Spectre v2 / SpectreRSB mitigation: Filling RSB on context switch
[    0.084008] Speculative Store Bypass: Vulnerable
[    0.088060] MDS: Mitigation: Clear CPU buffers
[    0.092210] Freeing SMP alternatives memory: 36K
[    0.210152] smpboot: CPU0: Intel(R) Core(TM) i7-3630QM CPU @ 2.40GHz (family: 0x6, model: 0x3a, stepping: 0x9)
[    0.212654] Performance Events: unsupported p6 CPU model 58 no PMU driver, software events only.
[    0.216215] Hierarchical SRCU implementation.
[    0.224742] NMI watchdog: Perf event create on CPU 0 failed with -2
[    0.228008] NMI watchdog: Perf NMI watchdog permanently disabled
[    0.232533] smp: Bringing up secondary CPUs ...
[    0.237500] x86: Booting SMP configuration:
[    0.240110] .... node  #0, CPUs:      #1
[    0.004000] kvm-clock: cpu 1, msr 0:7ff44041, secondary cpu clock
[    0.251272] TSC synchronization [CPU#0 -> CPU#1]:
[    0.252000] Measured 158073 cycles TSC warp between CPUs, turning off TSC clock.
[    0.252000] tsc: Marking TSC unstable due to check_tsc_sync_source failed
[    0.256333] smp: Brought up 1 node, 2 CPUs
[    0.260008] smpboot: Max logical packages: 1
[    0.264011] smpboot: Total of 2 processors activated (9578.24 BogoMIPS)
[    0.272813] devtmpfs: initialized
[    0.276226] x86/mm: Memory block size: 128MB
[    0.280881] evm: security.selinux
[    0.284003] evm: security.SMACK64
[    0.288003] evm: security.SMACK64EXEC
[    0.292009] evm: security.SMACK64TRANSMUTE
[    0.296003] evm: security.SMACK64MMAP
[    0.300006] evm: security.apparmor
[    0.304006] evm: security.ima
[    0.307127] evm: security.capability
[    0.308823] clocksource: jiffies: mask: 0xffffffff max_cycles: 0xffffffff, max_idle_ns: 7645041785100000 ns
[    0.312195] futex hash table entries: 512 (order: 3, 32768 bytes)
[    0.316617] pinctrl core: initialized pinctrl subsystem
[    0.320637] RTC time: 16:26:09, date: 02/01/21
[    0.325761] NET: Registered protocol family 16
[    0.328244] audit: initializing netlink subsys (disabled)
[    0.332580] audit: type=2000 audit(1612196776.504:1): state=initialized audit_enabled=0 res=1
[    0.344014] cpuidle: using governor ladder
[    0.348061] cpuidle: using governor menu
[    0.352067] ACPI: bus type PCI registered
[    0.356004] acpiphp: ACPI Hot Plug PCI Controller Driver version: 0.5
[    0.360708] PCI: Using configuration type 1 for base access
[    0.372637] HugeTLB registered 2.00 MiB page size, pre-allocated 0 pages
[    0.385243] ACPI: Added _OSI(Module Device)
[    0.388005] ACPI: Added _OSI(Processor Device)
[    0.392022] ACPI: Added _OSI(3.0 _SCP Extensions)
[    0.396012] ACPI: Added _OSI(Processor Aggregator Device)
[    0.400019] ACPI: Added _OSI(Linux-Dell-Video)
[    0.404011] ACPI: Added _OSI(Linux-Lenovo-NV-HDMI-Audio)
[    0.408016] ACPI: Added _OSI(Linux-HPI-Hybrid-Graphics)
[    0.417016] ACPI: Executed 1 blocks of module-level executable AML code
[    0.429868] ACPI: Interpreter enabled
[    0.432031] ACPI: (supports S0 S5)
[    0.436004] ACPI: Using IOAPIC for interrupt routing
[    0.444225] PCI: Using host bridge windows from ACPI; if necessary, use "pci=nocrs" and report a bug
[    0.448250] ACPI: Enabled 2 GPEs in block 00 to 07
[    0.465387] ACPI: PCI Root Bridge [PCI0] (domain 0000 [bus 00-ff])
[    0.468022] acpi PNP0A03:00: _OSC: OS supports [ASPM ClockPM Segments MSI]
[    0.472928] acpi PNP0A03:00: _OSC: not requesting OS control; OS requires [ExtendedConfig ASPM ClockPM MSI]
[    0.476032] acpi PNP0A03:00: fail to add MMCONFIG information, can't access extended PCI configuration space under this bridge.
[    0.484626] PCI host bridge to bus 0000:00
[    0.488012] pci_bus 0000:00: root bus resource [io  0x0000-0x0cf7 window]
[    0.492005] pci_bus 0000:00: root bus resource [io  0x0d00-0xffff window]
[    0.496015] pci_bus 0000:00: root bus resource [mem 0x000a0000-0x000bffff window]
[    0.500006] pci_bus 0000:00: root bus resource [mem 0x80000000-0xfdffffff window]
[    0.504015] pci_bus 0000:00: root bus resource [bus 00-ff]
[    0.514881] pci 0000:00:01.1: legacy IDE quirk: reg 0x10: [io  0x01f0-0x01f7]
[    0.516012] pci 0000:00:01.1: legacy IDE quirk: reg 0x14: [io  0x03f6]
[    0.520006] pci 0000:00:01.1: legacy IDE quirk: reg 0x18: [io  0x0170-0x0177]
[    0.524014] pci 0000:00:01.1: legacy IDE quirk: reg 0x1c: [io  0x0376]
[    0.589864] pci 0000:00:07.0: quirk: [io  0x4000-0x403f] claimed by PIIX4 ACPI
[    0.592044] pci 0000:00:07.0: quirk: [io  0x4100-0x410f] claimed by PIIX4 SMB
[    0.610710] ACPI: PCI Interrupt Link [LNKA] (IRQs 5 9 10 *11)
[    0.612639] ACPI: PCI Interrupt Link [LNKB] (IRQs 5 9 *10 11)
[    0.616258] ACPI: PCI Interrupt Link [LNKC] (IRQs 5 *9 10 11)
[    0.620236] ACPI: PCI Interrupt Link [LNKD] (IRQs 5 9 10 *11)
[    0.628657] SCSI subsystem initialized
[    0.632474] pci 0000:00:02.0: vgaarb: setting as boot VGA device
[    0.636000] pci 0000:00:02.0: vgaarb: VGA device added: decodes=io+mem,owns=io+mem,locks=none
[    0.636015] pci 0000:00:02.0: vgaarb: bridge control possible
[    0.644009] vgaarb: loaded
[    0.648126] ACPI: bus type USB registered
[    0.652077] usbcore: registered new interface driver usbfs
[    0.656018] usbcore: registered new interface driver hub
[    0.660243] usbcore: registered new device driver usb
[    0.664343] EDAC MC: Ver: 3.0.0
[    0.672605] PCI: Using ACPI for IRQ routing
[    0.676995] NetLabel: Initializing
[    0.680005] NetLabel:  domain hash size = 128
[    0.684004] NetLabel:  protocols = UNLABELED CIPSOv4 CALIPSO
[    0.688056] NetLabel:  unlabeled traffic allowed by default
[    0.692435] clocksource: Switched to clocksource kvm-clock
[    0.764992] VFS: Disk quotas dquot_6.6.0
[    0.770920] VFS: Dquot-cache hash table entries: 512 (order 0, 4096 bytes)
[    0.774787] AppArmor: AppArmor Filesystem Enabled
[    0.774787] pnp: PnP ACPI init
[    0.774787] pnp: PnP ACPI: found 3 devices
[    0.866509] clocksource: acpi_pm: mask: 0xffffff max_cycles: 0xffffff, max_idle_ns: 2085701024 ns
[    0.868683] NET: Registered protocol family 2
[    0.880599] TCP established hash table entries: 16384 (order: 5, 131072 bytes)
[    0.891870] TCP bind hash table entries: 16384 (order: 6, 262144 bytes)
[    0.901485] TCP: Hash tables configured (established 16384 bind 16384)
[    0.903852] UDP hash table entries: 1024 (order: 3, 32768 bytes)
[    0.903852] UDP-Lite hash table entries: 1024 (order: 3, 32768 bytes)
[    0.903852] NET: Registered protocol family 1
[    0.903852] pci 0000:00:00.0: Limiting direct PCI/PCI transfers
[    0.903852] pci 0000:00:01.0: Activating ISA DMA hang workarounds
[    0.903852] pci 0000:00:02.0: Video device with shadowed ROM at [mem 0x000c0000-0x000dffff]
[    0.903852] Unpacking initramfs...
[    1.485364] Freeing initrd memory: 19224K
[    1.485364] clocksource: tsc: mask: 0xffffffffffffffff max_cycles: 0x2284248580e, max_idle_ns: 440795288736 ns
[    1.485364] platform rtc_cmos: registered platform RTC device (no PNP device found)
[    1.614962] Scanning for low memory corruption every 60 seconds
[    1.624933] Initialise system trusted keyrings
[    1.630385] Key type blacklist registered
[    1.636764] workingset: timestamp_bits=36 max_order=19 bucket_order=0
[    1.646768] zbud: loaded
[    1.652096] squashfs: version 4.0 (2009/01/31) Phillip Lougher
[    1.660788] fuse init (API version 7.26)
[    1.707204] Key type asymmetric registered
[    1.712363] Asymmetric key parser 'x509' registered
[    1.717989] Block layer SCSI generic (bsg) driver version 0.4 loaded (major 246)
[    1.726131] io scheduler noop registered
[    1.730585] io scheduler deadline registered
[    1.735569] io scheduler cfq registered (default)
[    1.742321] ACPI: AC Adapter [AC] (on-line)
[    1.746910] input: Power Button as /devices/LNXSYSTM:00/LNXPWRBN:00/input/input0
[    1.755611] ACPI: Power Button [PWRF]
[    1.760716] input: Sleep Button as /devices/LNXSYSTM:00/LNXSLPBN:00/input/input1
[    1.768303] ACPI: Sleep Button [SLPF]
[    1.774887] ACPI: Battery Slot [BAT0] (battery present)
[    1.776400] Serial: 8250/16550 driver, 32 ports, IRQ sharing enabled
[    1.815681] 00:02: ttyS0 at I/O 0x3f8 (irq = 4, base_baud = 115200) is a 16550A
[    1.819018] Linux agpgart interface v0.103
[    1.838037] loop: module loaded
[    1.850177] scsi host0: ata_piix
[    1.855035] scsi host1: ata_piix
[    1.858688] ata1: PATA max UDMA/33 cmd 0x1f0 ctl 0x3f6 bmdma 0xd000 irq 14
[    1.865325] ata2: PATA max UDMA/33 cmd 0x170 ctl 0x376 bmdma 0xd008 irq 15
[    1.872632] libphy: Fixed MDIO Bus: probed
[    1.876682] tun: Universal TUN/TAP device driver, 1.6
[    1.880633] PPP generic driver version 2.4.2
[    1.880633] ehci_hcd: USB 2.0 'Enhanced' Host Controller (EHCI) Driver
[    1.880633] ehci-pci: EHCI PCI platform driver
[    1.880633] ehci-platform: EHCI generic platform driver
[    1.880633] ohci_hcd: USB 1.1 'Open' Host Controller (OHCI) Driver
[    1.880633] ohci-pci: OHCI PCI platform driver
[    1.880633] ohci-platform: OHCI generic platform driver
[    1.880633] uhci_hcd: USB Universal Host Controller Interface driver
[    1.880633] i8042: PNP: PS/2 Controller [PNP0303:PS2K,PNP0f03:PS2M] at 0x60,0x64 irq 1,12
[    1.880633] serio: i8042 KBD port at 0x60,0x64 irq 1
[    1.880633] serio: i8042 AUX port at 0x60,0x64 irq 12
[    1.880633] mousedev: PS/2 mouse device common for all mice
[    1.954775] input: AT Translated Set 2 keyboard as /devices/platform/i8042/serio0/input/input2
[    1.965607] rtc_cmos rtc_cmos: rtc core: registered rtc_cmos as rtc0
[    1.974139] rtc_cmos rtc_cmos: alarms up to one day, 114 bytes nvram
[    1.980787] i2c /dev entries driver
[    1.985091] device-mapper: uevent: version 1.0.3
[    1.990375] device-mapper: ioctl: 4.37.0-ioctl (2017-09-20) initialised: dm-devel@redhat.com
[    2.000847] ledtrig-cpu: registered to indicate activity on CPUs
[    2.010677] NET: Registered protocol family 10
[    2.029478] Segment Routing with IPv6
[    2.036295] NET: Registered protocol family 17
[    2.044282] Key type dns_resolver registered
[    2.098856] mce: Using 0 MCE banks
[    2.103553] RAS: Correctable Errors collector initialized.
[    2.111319] sched_clock: Marking stable (2109795650, 0)->(3778093301, -1668297651)
[    2.124024] registered taskstats version 1
[    2.129303] Loading compiled-in X.509 certificates
[    2.139816] Loaded X.509 cert 'Build time autogenerated kernel key: 399a566a2ea98257ce6f7132c633527e9761cd56'
[    2.151135] zswap: loaded using pool lzo/zbud
[    2.168829] Key type big_key registered
[    2.172496] Key type trusted registered
[    2.182374] Key type encrypted registered
[    2.187152] AppArmor: AppArmor sha1 policy hashing enabled
[    2.193073] ima: No TPM chip found, activating TPM-bypass! (rc=-19)
[    2.198910] ima: Allocated hash algorithm: sha1
[    2.204455] evm: HMAC attrs: 0x1
[    2.208599]   Magic number: 9:121:438
[    2.213129] rtc_cmos rtc_cmos: setting system clock to 2021-02-01 16:26:11 UTC (1612196771)
[    2.222814] BIOS EDD facility v0.16 2004-Jun-25, 0 devices found
[    2.229405] EDD information not available.
[    2.238454] Freeing unused kernel image memory: 2440K
[    2.261579] Write protecting the kernel read-only data: 20480k
[    2.269099] Freeing unused kernel image memory: 2008K
[    2.274604] Freeing unused kernel image memory: 1868K
[    2.288191] x86/mm: Checked W+X mappings: passed, no W+X pages found.
[    2.293910] x86/mm: Checking user space page tables
[    2.305215] x86/mm: Checked W+X mappings: passed, no W+X pages found.
Loading, please wait...
starting version 237
[    2.464915] Fusion MPT base driver 3.04.20
[    2.469832] Copyright (c) 1999-2008 LSI Corporation
[    2.485801] e1000: Intel(R) PRO/1000 Network Driver - version 7.3.21-k8-NAPI
[    2.494667] e1000: Copyright (c) 1999-2006 Intel Corporation.
[    2.522224] Fusion MPT SPI Host driver 3.04.20
[    3.358676] input: ImExPS/2 Generic Explorer Mouse as /devices/platform/i8042/serio1/input/input4
[    3.440055] e1000 0000:00:03.0 eth0: (PCI:33MHz:32-bit) 02:83:9b:e2:a0:bc
[    3.446314] e1000 0000:00:03.0 eth0: Intel(R) PRO/1000 Network Connection
[    3.455358] mptbase: ioc0: Initiating bringup
[    3.762785] ioc0: LSI53C1030 A0: Capabilities={Initiator}
[    5.523627] scsi host2: ioc0: LSI53C1030 A0, FwRev=00000000h, Ports=1, MaxQ=256, IRQ=20
[    6.498327] scsi 2:0:0:0: Direct-Access     VBOX     HARDDISK         1.0  PQ: 0 ANSI: 5
[    6.548170] scsi target2:0:0: Beginning Domain Validation
[    6.580850] scsi target2:0:0: Domain Validation skipping write tests
[    6.589430] scsi target2:0:0: Ending Domain Validation
[    6.595536] scsi target2:0:0: asynchronous
[    6.604550] random: fast init done
[    6.608308] scsi 2:0:1:0: Direct-Access     VBOX     HARDDISK         1.0  PQ: 0 ANSI: 5
[    6.972546] scsi target2:0:1: Beginning Domain Validation
[    6.988717] scsi target2:0:1: Domain Validation skipping write tests
[    6.995531] scsi target2:0:1: Ending Domain Validation
[    7.003177] scsi target2:0:1: asynchronous
[    7.029456] sd 2:0:0:0: Attached scsi generic sg0 type 0
[    7.034208] random: systemd-udevd: uninitialized urandom read (16 bytes read)
[    7.038364] sd 2:0:1:0: Attached scsi generic sg1 type 0
[    7.060151] random: systemd-udevd: uninitialized urandom read (16 bytes read)
[    7.070103] sd 2:0:1:0: [sdb] 20480 512-byte logical blocks: (10.5 MB/10.0 MiB)
[    7.078436] sd 2:0:0:0: [sda] 83886080 512-byte logical blocks: (42.9 GB/40.0 GiB)
[    7.087208] random: systemd-udevd: uninitialized urandom read (16 bytes read)
[    7.095787] sd 2:0:0:0: [sda] Write Protect is off
[    7.102464] sd 2:0:1:0: [sdb] Write Protect is off
[    7.109210] sd 2:0:1:0: [sdb] Incomplete mode parameter data
[    7.115258] sd 2:0:1:0: [sdb] Assuming drive cache: write through
[    7.124370] sd 2:0:0:0: [sda] Incomplete mode parameter data
[    7.131688] sd 2:0:0:0: [sda] Assuming drive cache: write through
[    7.154602]  sda: sda1
[    7.161220] sd 2:0:1:0: [sdb] Attached SCSI disk
[    7.171754] sd 2:0:0:0: [sda] Attached SCSI disk
[    7.415998] e1000 0000:00:08.0 eth1: (PCI:33MHz:32-bit) 08:00:27:93:61:4d
[    7.425203] e1000 0000:00:08.0 eth1: Intel(R) PRO/1000 Network Connection
[    7.437349] e1000 0000:00:08.0 enp0s8: renamed from eth1
[    7.467022] e1000 0000:00:03.0 enp0s3: renamed from eth0
Begin: Loading essential drivers ... [   11.692495] raid6: sse2x1   gen() 99880 MB/s
[   13.692547] raid6: sse2x1   xor() 141983 MB/s
[   15.693202] raid6: sse2x2   gen() 240772 MB/s
[   16.747218] raid6: sse2x2   xor()  7822 MB/s
[   16.801959] raid6: sse2x4   gen() 11336 MB/s
[   17.692985] raid6: sse2x4   xor() 168771 MB/s
[   17.698180] raid6: using algorithm sse2x2 gen() 240772 MB/s
[   17.705503] raid6: .... xor() 7822 MB/s, rmw enabled
[   17.710644] raid6: using ssse3x2 recovery algorithm
[   17.718965] xor: measuring software checksum speed
[   17.830825]    prefetch64-sse: 41517.000 MB/sec
[   18.700478]    generic_sse: -1501299.-296 MB/sec
[   18.705461] xor: using function: prefetch64-sse (41517.000 MB/sec)
[   18.714354] async_tx: api initialized (async)
done.
Begin: Running /scripts/init-premount ... done.
Begin: Mounting root file system ... Begin: Running /scripts/local-top ... done.
Begin: Running /scripts/local-premount ... [   18.814244] Btrfs loaded, crc32c=crc32c-intel
Scanning for Btrfs filesystems
done.
Warning: fsck not present, so skipping root file system
[   18.907827] EXT4-fs (sda1): mounted filesystem with ordered data mode. Opts: (null)
done.
Begin: Running /scripts/local-bottom ... done.
Begin: Running /scripts/init-bottom ... done.
[   19.266162] ip_tables: (C) 2000-2006 Netfilter Core Team
[   19.303334] systemd[1]: systemd 237 running in system mode. (+PAM +AUDIT +SELINUX +IMA +APPARMOR +SMACK +SYSVINIT +UTMP +LIBCRYPTSETUP +GCRYPT +GNUTLS +ACL +XZ +LZ4 +SECCOMP +BLKID +ELFUTILS +KMOD -IDN2 +IDN -PCRE2 default-hierarchy=hybrid)
[   19.327027] systemd[1]: Detected virtualization oracle.
[   19.333487] systemd[1]: Detected architecture x86-64.

Welcome to [1mUbuntu 18.04.5 LTS[0m!

[   19.379281] systemd[1]: Set hostname to <ubuntu>.
[   19.399672] systemd[1]: Initializing machine ID from random generator.
[   19.409771] systemd[1]: Installed transient /etc/machine-id file.
[   19.958207] systemd[1]: Created slice System Slice.
[[0;32m  OK  [0m] Created slice System Slice.
[   19.970641] systemd[1]: Created slice system-serial\x2dgetty.slice.
[[0;32m  OK  [0m] Created slice system-serial\x2dgetty.slice.
[   19.983872] systemd[1]: Listening on Network Service Netlink Socket.
[[0;32m  OK  [0m] Listening on Network Service Netlink Socket.
[   19.998117] systemd[1]: Listening on Journal Audit Socket.
[[0;32m  OK  [0m] Listening on Journal Audit Socket.
[[0;32m  OK  [0m] Listening on Device-mapper event daemon FIFOs.
[[0;32m  OK  [0m] Listening on udev Kernel Socket.
[[0;32m  OK  [0m] Listening on udev Control Socket.
[[0;32m  OK  [0m] Listening on Journal Socket (/dev/log).
[[0;32m  OK  [0m] Set up automount Arbitrary Executabâ€¦rmats File System Automount Point.
[[0;32m  OK  [0m] Listening on LVM2 metadata daemon socket.
[[0;32m  OK  [0m] Listening on LVM2 poll daemon socket.
[[0;32m  OK  [0m] Started Forward Password Requests to Wall Directory Watch.
[[0;32m  OK  [0m] Listening on Journal Socket.
         Starting udev Coldplug all Devices...
         Starting Remount Root and Kernel File Systems...
         Starting Set the console keyboard layout...
         Starting Monitoring of LVM2 mirrorsâ€¦ng dmeventd or progress polling...
         Mounting Kernel Debug File System...
         Starting Create list of required stâ€¦ce nodes for the current kernel...
         Starting Uncomplicated firewall...
         Mounting Huge Pages File System...
[   20.135102] EXT4-fs (sda1): re-mounted. Opts: (null)
         Starting Load Kernel Modules...
         Mounting POSIX Message Queue File System...
[[0;32m  OK  [0m] Reached target System Time Synchronized.
[[0;32m  OK  [0m] Reached target Swap.
[[0;32m  OK  [0m] Reached target User and Group Name Lookups.
[[0;32m  OK  [0m] Created slice User and Session Slice.
[[0;32m  OK  [0m] Reached target Slices.
[[0;32m  OK  [0m] Listening on /dev/initctl Compatibility Named Pipe.
[[0;32m  OK  [0m] Listening on Syslog Socket.
         Starting Journal Service...
[   20.267437] Loading iSCSI transport class v2.0-870.
[[0;32m  OK  [0m] Started Remount Root and Kernel File Systems.
[[0;32m  OK  [0m] Mounted Kernel Debug File System.
[[0;32m  OK  [0m] Started Create list of required staâ€¦vice nodes for the current kernel.
[   20.330155] iscsi: registered transport (tcp)
[[0;32m  OK  [0m] Started Uncomplicated firewall.
[[0;32m  OK  [0m] Mounted Huge Pages File System.
[[0;32m  OK  [0m] Mounted POSIX Message Queue File System.
[[0;32m  OK  [0m] Started LVM2 metadata daemon.
         Starting Create Static Device Nodes in /dev...
         Starting Load/Save Random Seed...
[[0;32m  OK  [0m] Started Monitoring of LVM2 mirrors,â€¦sing dmeventd or progress polling.
[[0;32m  OK  [0m] Started Journal Service.
[[0;32m  OK  [0m] Started Load/Save Random Seed.
         Starting Flush Journal to Persistent Storage...
[[0;32m  OK  [0m] Started udev Coldplug all Devices.
[[0;32m  OK  [0m] Started Create Static Device Nodes in /dev.
         Starting udev Kernel Device Manager...
[   20.526825] systemd-journald[400]: Received request to flush runtime journal from PID 1
[   20.542658] iscsi: registered transport (iser)
[[0;32m  OK  [0m] Started Load Kernel Modules.
         Mounting FUSE Control File System...
         Mounting Kernel Configuration File System...
         Starting Apply Kernel Variables...
[[0;32m  OK  [0m] Mounted FUSE Control File System.
[[0;32m  OK  [0m] Mounted Kernel Configuration File System.
[[0;32m  OK  [0m] Started Set the console keyboard layout.
[[0;32m  OK  [0m] Reached target Local File Systems (Pre).
[[0;32m  OK  [0m] Reached target Local File Systems.
         Starting ebtables ruleset management...
         Starting Commit a transient machine-id on disk...
         Starting Tell Plymouth To Write Out Runtime Data...
         Starting Set console font and keymap...
         Starting AppArmor initialization...
[[0;32m  OK  [0m] Started udev Kernel Device Manager.
[[0;32m  OK  [0m] Started Dispatch Password Requests to Console Directory Watch.
[[0;32m  OK  [0m] Reached target Local Encrypted Volumes.
[[0;32m  OK  [0m] Started Tell Plymouth To Write Out Runtime Data.
[[0;32m  OK  [0m] Started Apply Kernel Variables.
[[0;32m  OK  [0m] Started Set console font and keymap.
[[0;32m  OK  [0m] Started Commit a transient machine-id on disk.
[[0;32m  OK  [0m] Started Flush Journal to Persistent Storage.
         Starting Create Volatile Files and Directories...
[[0;32m  OK  [0m] Started ebtables ruleset management.
[[0;32m  OK  [0m] Started Create Volatile Files and Directories.
         Starting Update UTMP about System Boot/Shutdown...
[[0;32m  OK  [0m] Started Update UTMP about System Boot/Shutdown.
[[0;32m  OK  [0m] Found device /dev/ttyS0.
[[0;32m  OK  [0m] Listening on Load/Save RF Kill Switch Status /dev/rfkill Watch.
[[0;32m  OK  [0m] Started AppArmor initialization.
         Starting Initial cloud-init job (pre-networking)...
         Starting Load AppArmor profiles managed internally by snapd...
[[0;32m  OK  [0m] Started Load AppArmor profiles managed internally by snapd.
[   24.628197] cloud-init[545]: Cloud-init v. 20.4.1-0ubuntu1~18.04.1 running 'init-local' at Mon, 01 Feb 2021 16:26:33 +0000. Up 24.01 seconds.
[[0;32m  OK  [0m] Started Initial cloud-init job (pre-networking).
[[0;32m  OK  [0m] Reached target Network (Pre).
         Starting Network Service...
[[0;32m  OK  [0m] Started Network Service.
         Starting Wait for Network to be Configured...
         Starting Network Name Resolution...
[[0;32m  OK  [0m] Started Network Name Resolution.
[[0;32m  OK  [0m] Reached target Network.
[[0;32m  OK  [0m] Reached target Host and Network Name Lookups.
[[0;32m  OK  [0m] Started Wait for Network to be Configured.
         Starting Initial cloud-init job (metadata service crawler)...
[   27.189989] cloud-init[644]: Cloud-init v. 20.4.1-0ubuntu1~18.04.1 running 'init' at Mon, 01 Feb 2021 16:26:36 +0000. Up 26.99 seconds.
[   27.196025] cloud-init[644]: ci-info: ++++++++++++++++++++++++++++++++++++++Net device info+++++++++++++++++++++++++++++++++++++++
[   27.202132] cloud-init[644]: ci-info: +--------+-------+----------------------------+---------------+--------+-------------------+
[   27.208400] cloud-init[644]: ci-info: | Device |   Up  |          Address           |      Mask     | Scope  |     Hw-Address    |
[   27.215246] cloud-init[644]: ci-info: +--------+-------+----------------------------+---------------+--------+-------------------+
[   27.224808] cloud-init[644]: ci-info: | enp0s3 |  True |         10.0.2.15          | 255.255.255.0 | global | 02:83:9b:e2:a0:bc |
[   27.234583] cloud-init[644]: ci-info: | enp0s3 |  True | fe80::83:9bff:fee2:a0bc/64 |       .       |  link  | 02:83:9b:e2:a0:bc |
[   27.245912] cloud-init[644]: ci-info: | enp0s8 | False |             .              |       .       |   .    | 08:00:27:93:61:4d |
[   27.252596] cloud-init[644]: ci-info: |   lo   |  True |         127.0.0.1          |   255.0.0.0   |  host  |         .         |
[   27.258231] cloud-init[644]: ci-info: |   lo   |  True |          ::1/128           |       .       |  host  |         .         |
[   27.263610] cloud-init[644]: ci-info: +--------+-------+----------------------------+---------------+--------+-------------------+
[   27.269298] cloud-init[644]: ci-info: ++++++++++++++++++++++++++++Route IPv4 info+++++++++++++++++++++++++++++
[   27.273717] cloud-init[644]: ci-info: +-------+-------------+----------+-----------------+-----------+-------+
[   27.278501] cloud-init[644]: ci-info: | Route | Destination | Gateway  |     Genmask     | Interface | Flags |
[   27.283615] cloud-init[644]: ci-info: +-------+-------------+----------+-----------------+-----------+-------+
[   27.290046] cloud-init[644]: ci-info: |   0   |   0.0.0.0   | 10.0.2.2 |     0.0.0.0     |   enp0s3  |   UG  |
[   27.294701] cloud-init[644]: ci-info: |   1   |   10.0.2.0  | 0.0.0.0  |  255.255.255.0  |   enp0s3  |   U   |
[   27.299371] cloud-init[644]: ci-info: |   2   |   10.0.2.2  | 0.0.0.0  | 255.255.255.255 |   enp0s3  |   UH  |
[   27.305499] cloud-init[644]: ci-info: +-------+-------------+----------+-----------------+-----------+-------+
[   27.311120] cloud-init[644]: ci-info: +++++++++++++++++++Route IPv6 info+++++++++++++++++++
[   27.320037] cloud-init[644]: ci-info: +-------+-------------+---------+-----------+-------+
[   27.328805] cloud-init[644]: ci-info: | Route | Destination | Gateway | Interface | Flags |
[   27.336701] cloud-init[644]: ci-info: +-------+-------------+---------+-----------+-------+
[   27.344436] cloud-init[644]: ci-info: |   1   |  fe80::/64  |    ::   |   enp0s3  |   U   |
[   27.352579] cloud-init[644]: ci-info: |   3   |    local    |    ::   |   enp0s3  |   U   |
[   27.360472] cloud-init[644]: ci-info: |   4   |   ff00::/8  |    ::   |   enp0s3  |   U   |
[   27.368047] cloud-init[644]: ci-info: +-------+-------------+---------+-----------+-------+
[   28.659202] cloud-init[644]: Generating public/private rsa key pair.
[   28.665786] cloud-init[644]: Your identification has been saved in /etc/ssh/ssh_host_rsa_key.
[   28.673696] cloud-init[644]: Your public key has been saved in /etc/ssh/ssh_host_rsa_key.pub.
[   28.682222] cloud-init[644]: The key fingerprint is:
[   28.690111] cloud-init[644]: SHA256:EAfP4ILBcShmLAtqc87k13MHiuW+KO6HaueZnEbMkEM root@ubuntu-bionic
[   28.701140] cloud-init[644]: The key's randomart image is:
[   28.707544] cloud-init[644]: +---[RSA 2048]----+
[   28.716847] cloud-init[644]: |..oo. +..        |
[   28.725672] cloud-init[644]: |+Eo+ . *         |
[   28.733962] cloud-init[644]: |Boo . o o        |
[   28.742674] cloud-init[644]: |o* o . o .       |
[   28.753225] cloud-init[644]: |. %   = S .      |
[   28.761915] cloud-init[644]: |   B o = . .     |[[0;32m  OK  [0m
[   28.780399] cloud-init[644]: |  . o . o .      |
[   28.780567] cloud-init[644]: | ..=+...         |
[   28.780670] cloud-init[644]: |..BOo. ..        |
[   28.780771] cloud-init[644]: +----[SHA256]-----+
[   28.780863] cloud-init[644]: Generating public/private dsa key pair.
[   28.788112] cloud-init[644]: Your identification has been saved in /etc/ssh/ssh_host_dsa_key.
[   28.793789] cloud-init[644]: Your public key has been saved in /etc/ssh/ssh_host_dsa_key.pub.
[   28.793910] cloud-init[644]: The key fingerprint is:
[   28.794073] cloud-init[644]: SHA256:gAyedAPjfXA9l+e38O1vFp9FtwcCoemmoyOrFMXa7eY root@ubuntu-bionic
[   28.806057] cloud-init[644]: The key's randomart image is:
[   28.810074] cloud-init[644]: +---[DSA 1024]----+
[   28.815331] cloud-init[644]: |  =.+ ..  .o     |
[   28.819161] cloud-init[644]: | +.B =  oo+ .    |
[   28.823965] cloud-init[644]: |  +o+ o oo +     |
[   28.827920] cloud-init[644]: |  + .. o    + o o|
[   28.831966] cloud-init[644]: | o . .  S    = =o|
[   28.836693] cloud-init[644]: |  . .  o      oo+|
[   28.839773] cloud-init[644]: | .   oo        .*|
[   28.841951] cloud-init[644]: |. . +. .       .=|
[   28.847464] cloud-init[644]: |...o.E         oo|
[   28.850826] cloud-init[644]: +----[SHA256]-----+
[   28.855137] cloud-init[644]: Generating public/private ecdsa key pair.
[   28.858176] cloud-init[644]: Your identification has been saved in /etc/ssh/ssh_host_ecdsa_key.
[   28.859762] cloud-init[644]: Your public key has been saved in /etc/ssh/ssh_host_ecdsa_key.pub.
[   28.861285] cloud-init[644]: The key fingerprint is:
[   28.862810] cloud-init[644]: SHA256:Kz0zzWaYx7o0C6JKguySu2xgquCZylg0GKkfB+KHmBU root@ubuntu-bionic
[   28.867474] cloud-init[644]: The key's randomart image is:
[   28.870302] cloud-init[644]: +---[ECDSA 256]---+
[   28.871774] cloud-init[644]: |  E              |
[   28.873637] cloud-init[644]: | . .             |
[   28.877875] cloud-init[644]: |+ o              |
[   28.880381] cloud-init[644]: |+*..             |
[   28.881261] cloud-init[644]: |=o+..   S        |
[   28.882745] cloud-init[644]: |++.+   . B       |
[   28.886090] cloud-init[644]: |B+o . o @ B      |
[   28.889411] cloud-init[644]: |&oo. . + @       |
[   28.893577] cloud-init[644]: |%@.     +.       |
[   28.898948] cloud-init[644]: +----[SHA256]-----+
[   28.902554] cloud-init[644]: Generating public/private ed25519 key pair.
[   28.903493] cloud-init[644]: Your identification has been saved in /etc/ssh/ssh_host_ed25519_key.
[   28.905609] cloud-init[644]: Your public key has been saved in /etc/ssh/ssh_host_ed25519_key.pub.
[   28.906765] cloud-init[644]: The key fingerprint is:
[   28.908075] cloud-init[644]: SHA256:G0FuWUh+uBTeCh1yWXIBCGqLhmEj6iwKB0YHvZOlPzo root@ubuntu-bionic
[   28.909332] cloud-init[644]: The key's randomart image is:
[   28.911786] cloud-init[644]: +--[ED25519 256]--+
[   28.914394] cloud-init[644]: | .. ...oO==.     |
[   28.918830] cloud-init[644]: |  .o ..OoX       |
[   28.921202] cloud-init[644]: |o+o.= . @ o      |
[   28.921989] cloud-init[644]: |*+o*   + =       |
[   28.923667] cloud-init[644]: |=o. o   S        |
[   28.925364] cloud-init[644]: |=.   o   o       |
[   28.927824] cloud-init[644]: |oo. . . .        |
[   28.930491] cloud-init[644]: |+. E             |
[   28.937856] cloud-init[644]: |.   .            |
[   28.939654] cloud-init[644]: +----[SHA256]-----+
] Started Initial cloud-init job (metadata service crawler).
[[0;32m  OK  [0m] Reached target Cloud-config availability.
[[0;32m  OK  [0m] Reached target Network is Online.
         Starting Availability of block devices...
[[0;32m  OK  [0m] Reached target Remote File Systems (Pre).
[[0;32m  OK  [0m] Reached target Remote File Systems.
[[0;32m  OK  [0m] Reached target System Initialization.
[[0;32m  OK  [0m] Started Daily Cleanup of Temporary Directories.
[[0;32m  OK  [0m] Started Message of the Day.
[[0;32m  OK  [0m] Started Discard unused blocks once a week.
[[0;32m  OK  [0m] Listening on D-Bus System Message Bus Socket.
[[0;32m  OK  [0m] Listening on Open-iSCSI iscsid Socket.
         Starting LXD - unix socket.
[[0;32m  OK  [0m] Started Daily apt download activities.
[[0;32m  OK  [0m] Started Daily apt upgrade and clean activities.
[[0;32m  OK  [0m] Reached target Timers.
[[0;32m  OK  [0m] Listening on UUID daemon activation socket.
[[0;32m  OK  [0m] Started ACPI Events Check.
[[0;32m  OK  [0m] Reached target Paths.
         Starting Socket activation for snappy daemon.
[[0;32m  OK  [0m] Listening on ACPID Listen Socket.
[[0;32m  OK  [0m] Started Availability of block devices.
[[0;32m  OK  [0m] Listening on LXD - unix socket.
[[0;32m  OK  [0m] Listening on Socket activation for snappy daemon.
[[0;32m  OK  [0m] Reached target Sockets.
[[0;32m  OK  [0m] Reached target Basic System.
         Starting LXD - container startup/shutdown...
         Starting LSB: automatic crash report generation...
         Starting LSB: Record successful boot for GRUB...
         Starting Pollinate to seed the pseudo random number generator...
[[0;32m  OK  [0m] Started Deferred execution scheduler.
         Starting Dispatcher daemon for systemd-networkd...
[[0;32m  OK  [0m] Started irqbalance daemon.
[[0;32m  OK  [0m] Started FUSE filesystem for LXC.
[[0;32m  OK  [0m] Started Regular background program processing daemon.
         Starting System Logging Service...
         Starting Accounts Service...
         Starting Permit User Sessions...
[[0;32m  OK  [0m] Started D-Bus System Message Bus.
         Starting Virtualbox guest utils...
         Starting Login Service...
         Starting Snap Daemon...
[[0;32m  OK  [0m] Started System Logging Service.
[[0;32m  OK  [0m] Started LXD - container startup/shutdown.
[[0;32m  OK  [0m] Started Permit User Sessions.
         Starting Hold until boot process finishes up...
         Starting Terminate Plymouth Boot Screen...
[[0;32m  OK  [0m] Started Hold until boot process finishes up.
         Starting Authorization Manager...
         Starting Set console scheme...
[[0;32m  OK  [0m] Started Serial Getty on ttyS0.
[[0;32m  OK  [0m] Started Terminate Plymouth Boot Screen.
[[0;32m  OK  [0m] Started Set console scheme.
[[0;32m  OK  [0m] Created slice system-getty.slice.
[[0;32m  OK  [0m] Started Getty on tty1.
[[0;32m  OK  [0m] Reached target Login Prompts.
[[0;32m  OK  [0m] Started Login Service.
[[0;32m  OK  [0m] Started Unattended Upgrades Shutdown.
[[0;32m  OK  [0m] Started LSB: automatic crash report generation.
[[0;32m  OK  [0m] Started LSB: Record successful boot for GRUB.
[[0;32m  OK  [0m] Started Authorization Manager.
[[0;32m  OK  [0m] Started Accounts Service.
[[0;32m  OK  [0m] Started Virtualbox guest utils.
[[0;32m  OK  [0m] Started Dispatcher daemon for systemd-networkd.
[[0;32m  OK  [0m] Started Snap Daemon.
         Starting Wait until snapd is fully seeded...
[[0;32m  OK  [0m] Started Pollinate to seed the pseudo random number generator.
         Starting OpenBSD Secure Shell server...
[[0;32m  OK  [0m] Started OpenBSD Secure Shell server.
[[0;32m  OK  [0m] Created slice User Slice of vagrant.
         Starting User Manager for UID 1000...
[[0;32m  OK  [0m] Started Session 1 of user vagrant.
[[0;32m  OK  [0m] Started User Manager for UID 1000.

Ubuntu 18.04.5 LTS ubuntu-bionic ttyS0

ubuntu-bionic login: [   45.189647] cloud-init[1657]: Cloud-init v. 20.4.1-0ubuntu1~18.04.1 running 'modules:config' at Mon, 01 Feb 2021 16:26:53 +0000. Up 44.35 seconds.
ci-info: no authorized SSH keys fingerprints found for user ubuntu.
<14>Feb  1 16:26:55 ec2: 
<14>Feb  1 16:26:55 ec2: #############################################################
<14>Feb  1 16:26:55 ec2: -----BEGIN SSH HOST KEY FINGERPRINTS-----
<14>Feb  1 16:26:55 ec2: 1024 SHA256:gAyedAPjfXA9l+e38O1vFp9FtwcCoemmoyOrFMXa7eY root@ubuntu-bionic (DSA)
<14>Feb  1 16:26:55 ec2: 256 SHA256:Kz0zzWaYx7o0C6JKguySu2xgquCZylg0GKkfB+KHmBU root@ubuntu-bionic (ECDSA)
<14>Feb  1 16:26:55 ec2: 256 SHA256:G0FuWUh+uBTeCh1yWXIBCGqLhmEj6iwKB0YHvZOlPzo root@ubuntu-bionic (ED25519)
<14>Feb  1 16:26:55 ec2: 2048 SHA256:EAfP4ILBcShmLAtqc87k13MHiuW+KO6HaueZnEbMkEM root@ubuntu-bionic (RSA)
<14>Feb  1 16:26:55 ec2: -----END SSH HOST KEY FINGERPRINTS-----
<14>Feb  1 16:26:55 ec2: #############################################################
-----BEGIN SSH HOST KEY KEYS-----
ecdsa-sha2-nistp256 AAAAE2VjZHNhLXNoYTItbmlzdHAyNTYAAAAIbmlzdHAyNTYAAABBBDyAaF9I1hsp97II3cL2bz6lTpFNpOXsWSgnS8rrorF2ySOXMmxPtM3EsNNa2OnVAKu1m0RfORROjRTpmf9mFTE= root@ubuntu-bionic
ssh-ed25519 AAAAC3NzaC1lZDI1NTE5AAAAIC+0t9PySlhqW8Pt/2Hipkgkmm/+y+DCBfQ0fAlQBbbh root@ubuntu-bionic
ssh-rsa AAAAB3NzaC1yc2EAAAADAQABAAABAQC+plD/VMT0c7bNAMN7KaRW23xJ1LkkAkzzWZji/x15tUesrTUPmj2K2H+Fx0J2S8zORgD3/k8X6WDp5tvjxXhOgiLLXF+gbTvq2PJVa9um5ck3IbwviaU0PqmfFX6+NqJeLcHEI9hXpFgoQXNQL/J1obR9bkWk4SMBgTBx+nr5ja4w/3IVA1zDqYBPNHLRxc4jl5dYJ8m2BV0kc+s8rdFLY8OQrYneXzuS0vz/5W7SqLy62DP0azavURoLCsabTkW7+Ph7zDt2wchcVONuRK9vwiE07iez23ubjpv/1sGjb/0ulTyKnhOjUgcaIUxxBsPbLjs9Cd81mIJkm2Rz/WJP root@ubuntu-bionic
-----END SSH HOST KEY KEYS-----
[   46.073896] cloud-init[1814]: Cloud-init v. 20.4.1-0ubuntu1~18.04.1 running 'modules:final' at Mon, 01 Feb 2021 16:26:55 +0000. Up 45.76 seconds.
[   46.084044] cloud-init[1814]: ci-info: no authorized SSH keys fingerprints found for user ubuntu.
[   46.093925] cloud-init[1814]: Cloud-init v. 20.4.1-0ubuntu1~18.04.1 finished at Mon, 01 Feb 2021 16:26:55 +0000. Datasource DataSourceNoCloud [seed=/dev/sdb][dsmode=net].  Up 46.01 seconds
